
> trading-journal-os@0.1.0 build
> next build

έΨ▓ Next.js 16.1.6 (Turbopack)
- Environments: .env.local

node.exe : έγι The "middleware" file 
convention is deprecated. Please use "proxy" 
instead. Learn more: https://nextjs.org/docs/me
ssages/middleware-to-proxy
At line:1 char:1
+ & "C:\Program Files\nodejs/node.exe" 
"C:\Program Files\nodejs/node_mo ...
+ ~~~~~~~~~~~~~~~~~~~~~~~~~~~~~~~~~~~~~~~~~~~~~
~~~~~~~~~~~~~~~~~~~~~~~~
    + CategoryInfo          : NotSpecified: (έ 
   γι The "middle...leware-to-proxy:String) [  
  ], RemoteException
    + FullyQualifiedErrorId : NativeCommandErr 
   or
 
  Creating an optimized production build ...
έεΥ Compiled successfully in 3.7s
  Running TypeScript ...
  Collecting page data using 11 workers ...
  Generating static pages using 11 workers (0/54) ...
  Generating static pages using 11 workers (13/54) 
  Generating static pages using 11 workers (26/54) 
  Generating static pages using 11 workers (40/54) 
έεΥ Generating static pages using 11 workers (54/54) in 303.7ms
  Finalizing page optimization ...

Route (app)
έΦΝ έΩΜ /
έΦε έΩΜ /_not-found
έΦε έΩΜ /analytics
έΦε ╞Τ /analytics/[dimension]
έΦε ╞Τ /api/accounts
έΦε ╞Τ /api/accounts/[id]
έΦε ╞Τ /api/analytics/breakdowns
έΦε ╞Τ /api/analytics/daily
έΦε ╞Τ /api/analytics/recalc
έΦε ╞Τ /api/analytics/summary
έΦε ╞Τ /api/dashboard/layouts
έΦε ╞Τ /api/dashboard/layouts/[id]
έΦε ╞Τ /api/dashboard/widgets
έΦε ╞Τ /api/finance/cashflow
έΦε ╞Τ /api/finance/expenses
έΦε ╞Τ /api/finance/expenses/[id]
έΦε ╞Τ /api/finance/overview
έΦε ╞Τ /api/finance/payouts
έΦε ╞Τ /api/finance/payouts/[id]
έΦε ╞Τ /api/finance/settings
έΦε ╞Τ /api/finance/subscriptions
έΦε ╞Τ /api/finance/subscriptions/[id]
έΦε ╞Τ /api/grading/categories/[id]
έΦε ╞Τ /api/grading/rubrics
έΦε ╞Τ /api/grading/rubrics/[id]
έΦε ╞Τ /api/grading/rubrics/[id]/categories
έΦε ╞Τ /api/import
έΦε ╞Τ /api/inngest
έΦε ╞Τ /api/insights
έΦε ╞Τ /api/instruments
έΦε ╞Τ /api/ledger
έΦε ╞Τ /api/ledger/[id]
έΦε ╞Τ /api/prop/evaluations
έΦε ╞Τ /api/prop/evaluations/[id]
έΦε ╞Τ /api/prop/evaluations/[id]/status
έΦε ╞Τ /api/prop/payouts
έΦε ╞Τ /api/prop/payouts/[id]
έΦε ╞Τ /api/prop/templates
έΦε ╞Τ /api/prop/templates/[id]
έΦε ╞Τ /api/sessions
έΦε ╞Τ /api/strategies
έΦε ╞Τ /api/trades
έΦε ╞Τ /api/trades/[id]
έΦε ╞Τ /api/trades/[id]/grade
έΦε έΩΜ /coach
έΦε έΩΜ /finance
έΦε έΩΜ /goals
έΦε έΩΜ /grading
έΦε έΩΜ /journal
έΦε ╞Τ /journal/[tradeId]
έΦε έΩΜ /journal/calendar
έΦε έΩΜ /leaks
έΦε έΩΜ /ledger
έΦε έΩΜ /ledger/new
έΦε έΩΜ /login
έΦε έΩΜ /prop
έΦε ╞Τ /prop/[evalId]
έΦε έΩΜ /register
έΦε έΩΜ /settings/accounts
έΦε έΩΜ /settings/dashboard
έΦε έΩΜ /settings/data
έΦε έΩΜ /settings/grading
έΦε έΩΜ /settings/instruments
έΦε έΩΜ /settings/preferences
έΦε έΩΜ /settings/prop-templates
έΦε έΩΜ /settings/routines
έΦε έΩΜ /settings/sessions
έΦε έΩΜ /settings/strategies
έΦε έΩΜ /settings/tags
έΦε έΩΜ /strategies
έΦΦ ╞Τ /strategies/[id]


╞Τ Proxy (Middleware)

έΩΜ  (Static)   prerendered as static content
╞Τ  (Dynamic)  server-rendered on demand

