src/components/goals/forms/goal-dialog.tsx(150,84): error TS2322: Type 'string' is not assignable to type '"performance" | "consistency" | "financial" | "custom"'.
src/components/goals/forms/goal-dialog.tsx(225,84): error TS2322: Type 'string' is not assignable to type '"active" | "completed" | "failed" | "paused"'.
src/components/goals/goals-tab.tsx(2,22): error TS2307: Cannot find module '../goals-client' or its corresponding type declarations.
src/components/goals/goals-tab.tsx(5,26): error TS2307: Cannot find module '@/components/ui/progress' or its corresponding type declarations.
src/components/goals/habits-tab.tsx(4,23): error TS2307: Cannot find module '../goals-client' or its corresponding type declarations.
src/components/goals/habits-tab.tsx(7,29): error TS2307: Cannot find module './forms/habit-dialog' or its corresponding type declarations.
src/components/goals/habits-tab.tsx(69,96): error TS7006: Parameter 'o' implicitly has an 'any' type.
src/components/goals/habits-tab.tsx(157,36): error TS7006: Parameter 'open' implicitly has an 'any' type.
